[48864:50328:20250603,165752.406:ERROR filesystem_win.cc:130] GetFileAttributes C:\Users\ERIK~1.GON\AppData\Local\Temp\\AndroidEmulator\emu-crash-34.2.15.db\attachments\178af368-e9a8-4586-a465-65da4cea5dc6: O sistema não pode encontrar o arquivo especificado. (2)
INFO    | Storing crashdata in: C:\Users\ERIK~1.GON\AppData\Local\Temp\\AndroidEmulator\emu-crash-34.2.15.db, detection is enabled for process: 2508
INFO    | Android emulator version 34.2.15.0 (build_id 11906825) (CL:N/A)
INFO    | Found systemPath C:\Users\erik.gondim\AppData\Local\Android\Sdk\system-images\android-31\google_apis_playstore\x86_64\
[52940:43896:20250603,165752.552:ERROR filesystem_win.cc:130] GetFileAttributes C:\Users\ERIK~1.GON\AppData\Local\Temp\\AndroidEmulator\emu-crash-34.2.15.db\attachments\178af368-e9a8-4586-a465-65da4cea5dc6: O sistema não pode encontrar o arquivo especificado. (2)
WARNING | Please update the emulator to one that supports the feature(s): Vulkan
added library vulkan-1.dll
initialize: Supports id properties, got a vulkan device UUID
INFO    | Storing crashdata in: C:\Users\ERIK~1.GON\AppData\Local\Temp\\AndroidEmulator\emu-crash-34.2.15.db, detection is enabled for process: 50344
INFO    | Duplicate loglines will be removed, if you wish to see each individual line launch with the -log-nofilter flag.
INFO    | IPv4 server found: 192.168.1.1
INFO    | Ignore IPv6 address: 60ba:d802:b001:0:60ba:d802:b001:0
INFO    | Ignore IPv6 address: 60ba:d802:b001:0:60ba:d802:b001:0 (2x)
INFO    | Ignore IPv6 address: b8ca:d802:b001:0:60ba:d802:b001:0
INFO    | Ignore IPv6 address: b8ca:d802:b001:0:60ba:d802:b001:0 (2x)
INFO    | Ignore IPv6 address: c0d0:d802:b001:0:60ba:d802:b001:0
INFO    | Ignore IPv6 address: c0d0:d802:b001:0:60ba:d802:b001:0 (2x)
INFO    | Ignore IPv6 address: c8d6:d802:b001:0:60ba:d802:b001:0
INFO    | Ignore IPv6 address: c8d6:d802:b001:0:60ba:d802:b001:0 (2x)
INFO    | Critical: 
INFO    | Warning: 
INFO    | Warning:  (6x)
INFO    | Crash reports will be automatically uploaded to: https://clients2.google.com/cr/report
library_mode host gpu mode host
INFO    | Initializing hardware OpenGLES emulation support
android_startOpenglesRenderer: gpu infoGPU #1
  Make: 8086
  Model: Intel(R) UHD Graphics
  Device ID: 46a3
I0603 16:57:53.094357   19304 HealthMonitor.cpp:279] HealthMonitor disabled.
createGlobalVkEmulation:995 Selecting Vulkan device: Intel(R) UHD Graphics
I0603 16:57:53.307713   19304 VkCommonOperations.cpp:1276] Initializing VkEmulation features:
I0603 16:57:53.307727   19304 VkCommonOperations.cpp:1277]     glInteropSupported: true
I0603 16:57:53.307729   19304 VkCommonOperations.cpp:1278]     useDeferredCommands: true
I0603 16:57:53.307732   19304 VkCommonOperations.cpp:1280]     createResourceWithRequirements: true
I0603 16:57:53.307733   19304 VkCommonOperations.cpp:1281]     useVulkanComposition: false
I0603 16:57:53.307734   19304 VkCommonOperations.cpp:1282]     useVulkanNativeSwapchain: false
I0603 16:57:53.307735   19304 VkCommonOperations.cpp:1283]     enable guestRenderDoc: false
I0603 16:57:53.307736   19304 VkCommonOperations.cpp:1284]     ASTC LDR emulation mode: 2
I0603 16:57:53.307738   19304 VkCommonOperations.cpp:1285]     enable ETC2 emulation: true
I0603 16:57:53.307739   19304 VkCommonOperations.cpp:1286]     enable Ycbcr emulation: false
I0603 16:57:53.307740   19304 VkCommonOperations.cpp:1287]     guestUsesAngle: false
I0603 16:57:53.307741   19304 VkCommonOperations.cpp:1288]     useDedicatedAllocations: false
I0603 16:57:53.307929   19304 FrameBuffer.cpp:506] Graphics Adapter Vendor Google (Intel)
I0603 16:57:53.307935   19304 FrameBuffer.cpp:507] Graphics Adapter Android Emulator OpenGL ES Translator (Intel(R) UHD Graphics)
I0603 16:57:53.307953   19304 FrameBuffer.cpp:508] Graphics API Version OpenGL ES 3.0 (4.5.0 - Build 31.0.101.4032)
I0603 16:57:53.307959   19304 FrameBuffer.cpp:509] Graphics API Extensions GL_OES_EGL_sync GL_OES_EGL_image GL_OES_EGL_image_external GL_OES_depth24 GL_OES_depth32 GL_OES_element_index_uint GL_OES_texture_float GL_OES_texture_float_linear GL_OES_compressed_paletted_texture GL_OES_compressed_ETC1_RGB8_texture GL_OES_depth_texture GL_OES_texture_half_float GL_OES_texture_half_float_linear GL_OES_packed_depth_stencil GL_OES_vertex_half_float GL_OES_texture_npot GL_OES_rgb8_rgba8 GL_EXT_color_buffer_float GL_EXT_color_buffer_half_float GL_EXT_shader_framebuffer_fetch GL_EXT_texture_format_BGRA8888 GL_APPLE_texture_format_BGRA8888 
I0603 16:57:53.307962   19304 FrameBuffer.cpp:510] Graphics Device Extensions N/A
INFO    | Sending adb public key [QAAAAD0m9ynr3kMJlTccg4BmB+VGlxMZ/3YyZUKILLaWK44K6MuC38fyvsMOyKh9i84OtlL3EGYGdQzxze5TqL/Z1J8acS08D2APIf05//bn3ZgIo+uCCK4AsQiMuqed8fl7hL4MaglI0coBbPKrkIf+Y1yegy71Qn3Auys7R0D/l74kzm6CWzYZuRjeQRMiVYtTJWNS6Pds0xx0Zm/xpBBqHvZPGtf/W8DS0z4tW1d0bhsiQCbndjhfClyTrUC5nSQZH3PPPuXS8mcXP9dfgRHT+i3lLHIqT1cYZOV8Tl8aO967f+2ZCuvJ4AKiZHYCLT+Ni+U01YphyfOp74uP1bexAmSa+VXe9Wdyn+VYXr7fR+cpiPFyFqA+8UJQul477Z27oRNMuUfeqI3MMDwGB6+ZFnwl0AsfbGI2MmPz3UCOrCZaLZQAreFC5pWj0Xwww5bHjAub6zd20i9elvidHmeYrOHYigxwgVKlJxS/mAguFc7TVHzKvE3Y5DG3D0rON/MctU7XpcBzRtcUKs5PnteuXqsgnetsimd I 06-03 19:57:53.468 rust_main.rs:96 - netsim artifacts path: "C:\\Users\\ERIK~1.GON\\AppData\\Local\\Temp\\netsimd"
netsimd I 06-03 19:57:53.468 rust_main.rs:99 - NetsimdArgs {
    fd_startup_str: None,
    no_cli_ui: true,
    no_web_ui: true,
    pcap: false,
    disable_address_reuse: false,
    hci_port: None,
    connector_instance: None,
    instance: None,
    logtostderr: false,
    dev: false,
    vsock: None,
    config: None,
    test_beacons: false,
    no_test_beacons: false,
    no_shutdown: false,
    version: false,
}
b2RP2HOmOJyn2e7m6RC5rEQmgbnKuL0Ch5Ab3Ez5VSNrGFV2pmZ412ZtcGRORcj6LhK+0/ICCtKVeBATKBbkmLX/Z4qa1dISD7socqqDRK4kjpAFplJyqfrKYSbRLPswOq/WxsCRBFwpC4r886qSNCnPkwEAAQA= @unknown]
WHPX on Windows 10.0.22631 detected.
Windows Hypervisor Platform accelerator is operational
INFO    | Monitoring duration of emulator setup.
WARNING | The emulator now requires a signed jwt token for gRPC access! Use the -grpc flag if you really want an open unprotected grpc port
INFO    | Using security allow list from: C:\Users\erik.gondim\AppData\Local\Android\Sdk\emulator\lib\emulator_access.json
WARNING | *** Basic token auth should only be used by android-studio ***
INFO    | The active JSON Web Key Sets can be found here: C:\Users\erik.gondim\AppData\Local\Temp\avd\running\50344\jwks\45828a13-3a51-427d-bc80-aa21380f50b1\active.jwk
INFO    | Scanning C:\Users\erik.gondim\AppData\Local\Temp\avd\running\50344\jwks\45828a13-3a51-427d-bc80-aa21380f50b1 for jwk keys.
INFO    | Started GRPC server at 127.0.0.1:8554, security: Local, auth: +token
INFO    | Advertising in: C:\Users\erik.gondim\AppData\Local\Temp\avd\running\pid_50344.ini
I0603 16:57:54.044866   13564 FrameBuffer.cpp:2853] setDisplayConfigs w 1080 h 2280 dpiX 440 dpiY 440
I0603 16:57:54.045074   13564 FrameBuffer.cpp:2866] setDisplayActiveConfig 0
INFO    | Activated packet streamer for bluetooth emulation
WARNING | Cold boot: requested by the user
INFO    | Critical: 
INFO    | Boot completed in 24897 ms
INFO    | Increasing screen off timeout, logcat buffer size to 2M.
INFO    | IPv4 server found: 192.168.1.1
INFO    | Ignore IPv6 address: 3041:18f2:b001:0:3041:18f2:b001:0
INFO    | Ignore IPv6 address: 3041:18f2:b001:0:3041:18f2:b001:0 (2x)
INFO    | Ignore IPv6 address: 8851:18f2:b001:0:3041:18f2:b001:0
INFO    | Ignore IPv6 address: 8851:18f2:b001:0:3041:18f2:b001:0 (2x)
INFO    | Ignore IPv6 address: 9057:18f2:b001:0:3041:18f2:b001:0
INFO    | Ignore IPv6 address: 9057:18f2:b001:0:3041:18f2:b001:0 (2x)
INFO    | Ignore IPv6 address: 985d:18f2:b001:0:3041:18f2:b001:0
INFO    | Ignore IPv6 address: 985d:18f2:b001:0:3041:18f2:b001:0 (2x)
INFO    | IPv4 server found: 192.168.1.1
INFO    | Ignore IPv6 address: 3041:18f2:b001:0:3041:18f2:b001:0
INFO    | Ignore IPv6 address: 3041:18f2:b001:0:3041:18f2:b001:0 (2x)
INFO    | Ignore IPv6 address: 8851:18f2:b001:0:3041:18f2:b001:0
INFO    | Ignore IPv6 address: 8851:18f2:b001:0:3041:18f2:b001:0 (2x)
INFO    | Ignore IPv6 address: 9057:18f2:b001:0:3041:18f2:b001:0
INFO    | Ignore IPv6 address: 9057:18f2:b001:0:3041:18f2:b001:0 (2x)
INFO    | Ignore IPv6 address: 985d:18f2:b001:0:3041:18f2:b001:0
INFO    | Ignore IPv6 address: 985d:18f2:b001:0:3041:18f2:b001:0 (2x)
INFO    | IPv4 server found: 192.168.1.1
INFO    | Ignore IPv6 address: 3041:18f2:b001:0:3041:18f2:b001:0
INFO    | Ignore IPv6 address: 3041:18f2:b001:0:3041:18f2:b001:0 (2x)
INFO    | Ignore IPv6 address: 8851:18f2:b001:0:3041:18f2:b001:0
INFO    | Ignore IPv6 address: 8851:18f2:b001:0:3041:18f2:b001:0 (2x)
INFO    | Ignore IPv6 address: 9057:18f2:b001:0:3041:18f2:b001:0
INFO    | Ignore IPv6 address: 9057:18f2:b001:0:3041:18f2:b001:0 (2x)
INFO    | Ignore IPv6 address: 985d:18f2:b001:0:3041:18f2:b001:0
INFO    | Ignore IPv6 address: 985d:18f2:b001:0:3041:18f2:b001:0 (2x)
INFO    | Critical: 
INFO    | Warning: 
[48864:33652:20250603,170752.420:ERROR filesystem_win.cc:130] GetFileAttributes C:\Users\ERIK~1.GON\AppData\Local\Temp\\AndroidEmulator\emu-crash-34.2.15.db\attachments\178af368-e9a8-4586-a465-65da4cea5dc6: O sistema não pode encontrar o arquivo especificado. (2)
[48864:33652:20250603,170752.443:ERROR filesystem_win.cc:130] GetFileAttributes C:\Users\ERIK~1.GON\AppData\Local\Temp\\AndroidEmulator\emu-crash-34.2.15.db\attachments\178af368-e9a8-4586-a465-65da4cea5dc6: O sistema não pode encontrar o arquivo especificado. (2)
[48864:33652:20250603,170752.444:ERROR filesystem_win.cc:130] GetFileAttributes C:\Users\ERIK~1.GON\AppData\Local\Temp\\AndroidEmulator\emu-crash-34.2.15.db\attachments\178af368-e9a8-4586-a465-65da4cea5dc6: O sistema não pode encontrar o arquivo especificado. (2)
[52940:49188:20250603,170752.553:ERROR filesystem_win.cc:130] GetFileAttributes C:\Users\ERIK~1.GON\AppData\Local\Temp\\AndroidEmulator\emu-crash-34.2.15.db\attachments\178af368-e9a8-4586-a465-65da4cea5dc6: O sistema não pode encontrar o arquivo especificado. (2)
[52940:49188:20250603,170752.554:ERROR filesystem_win.cc:130] GetFileAttributes C:\Users\ERIK~1.GON\AppData\Local\Temp\\AndroidEmulator\emu-crash-34.2.15.db\attachments\178af368-e9a8-4586-a465-65da4cea5dc6: O sistema não pode encontrar o arquivo especificado. (2)
[52940:49188:20250603,170752.555:ERROR filesystem_win.cc:130] GetFileAttributes C:\Users\ERIK~1.GON\AppData\Local\Temp\\AndroidEmulator\emu-crash-34.2.15.db\attachments\178af368-e9a8-4586-a465-65da4cea5dc6: O sistema não pode encontrar o arquivo especificado. (2)
E0603 17:10:55.131036   53176 FrameBuffer.cpp:3553] Failed to find ColorBuffer:176
E0603 17:11:08.331082   53176 FrameBuffer.cpp:3553] Failed to find ColorBuffer:180
E0603 17:11:10.497510   53176 FrameBuffer.cpp:3553] Failed to find ColorBuffer:184
E0603 17:11:10.730335   53176 FrameBuffer.cpp:3553] Failed to find ColorBuffer:188
E0603 17:11:14.614385   53176 FrameBuffer.cpp:3553] Failed to find ColorBuffer:192
[48864:50328:20250603,171252.416:ERROR filesystem_win.cc:130] GetFileAttributes C:\Users\ERIK~1.GON\AppData\Local\Temp\\AndroidEmulator\emu-crash-34.2.15.db\attachments\178af368-e9a8-4586-a465-65da4cea5dc6: O sistema não pode encontrar o arquivo especificado. (2)
[52940:43896:20250603,171252.554:ERROR filesystem_win.cc:130] GetFileAttributes C:\Users\ERIK~1.GON\AppData\Local\Temp\\AndroidEmulator\emu-crash-34.2.15.db\attachments\178af368-e9a8-4586-a465-65da4cea5dc6: O sistema não pode encontrar o arquivo especificado. (2)
[48864:50328:20250603,172752.418:ERROR filesystem_win.cc:130] GetFileAttributes C:\Users\ERIK~1.GON\AppData\Local\Temp\\AndroidEmulator\emu-crash-34.2.15.db\attachments\178af368-e9a8-4586-a465-65da4cea5dc6: O sistema não pode encontrar o arquivo especificado. (2)
[52940:43896:20250603,172752.561:ERROR filesystem_win.cc:130] GetFileAttributes C:\Users\ERIK~1.GON\AppData\Local\Temp\\AndroidEmulator\emu-crash-34.2.15.db\attachments\178af368-e9a8-4586-a465-65da4cea5dc6: O sistema não pode encontrar o arquivo especificado. (2)
E0603 17:34:47.420408   53176 FrameBuffer.cpp:3553] Failed to find ColorBuffer:196
E0603 17:38:05.219136   53176 FrameBuffer.cpp:3553] Failed to find ColorBuffer:201
E0603 17:38:21.452106   53176 FrameBuffer.cpp:3553] Failed to find ColorBuffer:205
E0603 17:38:22.585806   53176 FrameBuffer.cpp:3553] Failed to find ColorBuffer:209
E0603 17:40:40.719932   53176 FrameBuffer.cpp:3553] Failed to find ColorBuffer:213
E0603 17:41:06.401246   53176 FrameBuffer.cpp:3553] Failed to find ColorBuffer:217
E0603 17:41:33.285715   53176 FrameBuffer.cpp:3553] Failed to find ColorBuffer:221
E0603 17:42:31.169853   53176 FrameBuffer.cpp:3553] Failed to find ColorBuffer:225
E0603 17:42:32.284045   53176 FrameBuffer.cpp:3553] Failed to find ColorBuffer:229
[48864:50328:20250603,174252.423:ERROR filesystem_win.cc:130] GetFileAttributes C:\Users\ERIK~1.GON\AppData\Local\Temp\\AndroidEmulator\emu-crash-34.2.15.db\attachments\178af368-e9a8-4586-a465-65da4cea5dc6: O sistema não pode encontrar o arquivo especificado. (2)
[52940:43896:20250603,174252.564:ERROR filesystem_win.cc:130] GetFileAttributes C:\Users\ERIK~1.GON\AppData\Local\Temp\\AndroidEmulator\emu-crash-34.2.15.db\attachments\178af368-e9a8-4586-a465-65da4cea5dc6: O sistema não pode encontrar o arquivo especificado. (2)
E0603 17:42:57.967924   53176 FrameBuffer.cpp:3553] Failed to find ColorBuffer:233
E0603 17:42:59.100324   53176 FrameBuffer.cpp:3553] Failed to find ColorBuffer:237
E0603 17:43:26.267590   53176 FrameBuffer.cpp:3553] Failed to find ColorBuffer:241
E0603 17:43:51.583740   53176 FrameBuffer.cpp:3553] Failed to find ColorBuffer:245
E0603 17:44:09.583861   53176 FrameBuffer.cpp:3553] Failed to find ColorBuffer:249
E0603 17:44:10.665944   53176 FrameBuffer.cpp:3553] Failed to find ColorBuffer:253
E0603 17:44:21.382908   53176 FrameBuffer.cpp:3553] Failed to find ColorBuffer:257
E0603 17:44:22.516881   53176 FrameBuffer.cpp:3553] Failed to find ColorBuffer:261
E0603 17:44:34.383655   53176 FrameBuffer.cpp:3553] Failed to find ColorBuffer:265
E0603 17:46:02.783377   53176 FrameBuffer.cpp:3553] Failed to find ColorBuffer:269
E0603 17:47:45.566112   53176 FrameBuffer.cpp:3553] Failed to find ColorBuffer:273
E0603 17:47:49.198837   53176 FrameBuffer.cpp:3553] Failed to find ColorBuffer:277
E0603 17:48:06.532251   53176 FrameBuffer.cpp:3553] Failed to find ColorBuffer:281
E0603 17:49:00.981769   53176 FrameBuffer.cpp:3553] Failed to find ColorBuffer:285
E0603 17:49:14.032501   53176 FrameBuffer.cpp:3553] Failed to find ColorBuffer:289
E0603 17:49:15.181976   53176 FrameBuffer.cpp:3553] Failed to find ColorBuffer:295
E0603 17:49:23.597777   53176 FrameBuffer.cpp:3553] Failed to find ColorBuffer:297
E0603 17:49:24.731928   53176 FrameBuffer.cpp:3553] Failed to find ColorBuffer:301
E0603 17:49:27.931569   53176 FrameBuffer.cpp:3553] Failed to find ColorBuffer:305
E0603 17:49:29.046813   53176 FrameBuffer.cpp:3553] Failed to find ColorBuffer:309
E0603 17:49:56.831316   53176 FrameBuffer.cpp:3553] Failed to find ColorBuffer:313
